<html>
<body>
<pre>
<h1>µVision Build Log</h1>
<h2>Tool Versions:</h2>
IDE-Version: ¦ÌVision V5.41.0.0
Copyright (C) 2024 ARM Ltd and ARM Germany GmbH. All rights reserved.
License Information: gulugulu Alan
hustee
User-based license: Keil MDK Community (non-commercial free of charge)
Valid until: Jun 1 2033. Cached until: Apr 29 2026
 
Tool Versions:
Toolchain:       Keil MDK Community (non-commercial free of charge  Version: 5.41.0.0
Toolchain Path:  D:\Keil_v5\ARM\ARMCLANG\Bin
C Compiler:      ArmClang.exe V6.22
Assembler:       Armasm.exe V6.22
Linker/Locator:  ArmLink.exe V6.22
Library Manager: ArmAr.exe V6.22
Hex Converter:   FromElf.exe V6.22
CPU DLL:         SARMCM3.DLL V5.41.0.0
Dialog DLL:      DARMCM1.DLL V1.19.6.0
Target DLL:      UL2CM3.DLL V1.164.14.0
Dialog DLL:      TARMCM1.DLL V1.14.6.0
 
<h2>Project:</h2>
E:\Learning\NUEDC_2025\2025E\Project\keil\NUEDC2025_MSPM0G3507.uvprojx
Project File Date:  04/23/2026

<h2>Output:</h2>
*** Using Compiler 'V6.22', folder: 'D:\Keil_v5\ARM\ARMCLANG\Bin'
Rebuild target 'NUEDC2025_MSPM0G3507'
compiling main.c...
compiling Kinematics.c...
compiling InitStepMotor.c...
compiling Rotation.c...
compiling Pid.c...
compiling Initialize.c...
assembling startup_mspm0g350x_uvision.s...
compiling Mode.c...
compiling Menu.c...
compiling Tracking.c...
compiling Delay.c...
compiling StepMotorCtrl.c...
compiling ti_msp_dl_config.c...
compiling ModeTree.c...
compiling SensorProc.c...
compiling CircleList.c...
compiling Tb6612fng.c...
compiling HallEncoder.c...
compiling StepMotor.c...
compiling LaserUsart.c...
compiling Key.c...
compiling Oled.c...
compiling TrackingSensor.c...
compiling WitSdk.c...
linking...
Program Size: Code=30728 RO-data=3356 RW-data=16 ZI-data=6568  
FromELF: creating hex file...
".\Objects\NUEDC2025_MSPM0G3507.axf" - 0 Error(s), 0 Warning(s).

<h2>Software Packages used:</h2>

Package Vendor: TexasInstruments
                https://software-dl.ti.com/msp430/esd/MSPM0-CMSIS/MSPM0G1X0X_G3X0X/latest/exports/TexasInstruments.MSPM0G1X0X_G3X0X_DFP.1.3.1.pack
                TexasInstruments::MSPM0G1X0X_G3X0X_DFP@1.3.1
                Device Family Pack for Texas Instruments MSPM0G1X0X_G3X0X Series

<h2>Collection of Component include folders:</h2>

<h2>Collection of Component Files used:</h2>
Build Time Elapsed:  00:00:01
</pre>
</body>
</html>
